src/components/forms/InvoiceForm.tsx(1,10): error TS6133: 'useReducer' is declared but its value is never read.
src/components/forms/InvoiceForm.tsx(15,53): error TS6196: 'CustomerWithMaster' is declared but never used.
src/components/forms/InvoiceForm.tsx(22,20): error TS6133: 'createInvoiceAPI' is declared but its value is never read.
src/components/forms/InvoiceForm.tsx(23,27): error TS6133: 'autoSaveInvoiceDraftAPI' is declared but its value is never read.
src/components/forms/InvoiceForm.tsx(24,27): error TS6133: 'validateInvoiceItemsAPI' is declared but its value is never read.
src/components/forms/InvoiceForm.tsx(39,1): error TS6133: 'IdentifierType' is declared but its value is never read.
src/components/forms/InvoiceForm.tsx(59,6): error TS6196: 'Step' is declared but never used.
src/components/forms/InvoiceForm.tsx(114,9): error TS6133: 'queryClient' is declared but its value is never read.
src/components/forms/InvoiceForm.tsx(444,51): error TS2739: Type '{ master_customer: { address: string | null; created_at: string | null; email: string | null; gstin: string | null; id: string; last_seen_at: string | null; legal_name: string; mobile: string | null; pan: string | null; state_code: string | null; updated_at: string | null; }; ... 12 more ...; updated_at: string | nu...' is missing the following properties from type 'CustomerWithMaster': status, name
src/components/forms/InvoiceForm.tsx(530,49): error TS2739: Type '{ master_customer: { address: string | null; created_at: string | null; email: string | null; gstin: string | null; id: string; last_seen_at: string | null; legal_name: string; mobile: string | null; pan: string | null; state_code: string | null; updated_at: string | null; }; ... 12 more ...; updated_at: string | nu...' is missing the following properties from type 'CustomerWithMaster': status, name
src/components/forms/InvoiceForm.tsx(737,11): error TS2322: Type '{ customer_id: string | undefined; items: { product_id: string; quantity: number; unit_price: number; line_total: number; serials: string[] | undefined; }[]; }' is not assignable to type 'InvoiceFormData'.
  Types of property 'customer_id' are incompatible.
    Type 'string | undefined' is not assignable to type 'string'.
      Type 'undefined' is not assignable to type 'string'.
src/components/forms/InvoiceForm.tsx(982,63): error TS2339: Property 'type' does not exist on type 'string'.
src/components/forms/InvoiceForm.tsx(983,62): error TS2339: Property 'type' does not exist on type 'string'.
src/components/forms/InvoiceForm.tsx(984,61): error TS2339: Property 'type' does not exist on type 'string'.
src/components/forms/InvoiceForm.tsx(986,13): error TS2339: Property 'type' does not exist on type 'string'.
src/components/forms/InvoiceForm.tsx(987,13): error TS2339: Property 'type' does not exist on type 'string'.
src/components/forms/InvoiceForm.tsx(988,13): error TS2339: Property 'type' does not exist on type 'string'.
src/components/forms/InvoiceForm.tsx(989,13): error TS2339: Property 'type' does not exist on type 'string'.
src/components/forms/InvoiceForm.tsx(994,62): error TS2339: Property 'item_index' does not exist on type 'string'.
src/components/forms/InvoiceForm.tsx(995,53): error TS2339: Property 'type' does not exist on type 'string'.
src/components/forms/InvoiceForm.tsx(997,15): error TS2339: Property 'type' does not exist on type 'string'.
src/components/forms/InvoiceForm.tsx(998,15): error TS2339: Property 'type' does not exist on type 'string'.
src/components/forms/InvoiceForm.tsx(999,15): error TS2339: Property 'type' does not exist on type 'string'.
src/components/forms/InvoiceForm.tsx(1000,15): error TS2339: Property 'type' does not exist on type 'string'.
src/components/forms/InvoiceForm.tsx(1005,54): error TS2339: Property 'message' does not exist on type 'string'.
src/components/forms/InvoiceForm.tsx(1006,42): error TS2339: Property 'available_stock' does not exist on type 'string'.
src/components/forms/InvoiceForm.tsx(1010,42): error TS2339: Property 'type' does not exist on type 'string'.
src/components/forms/InvoiceForm.tsx(1011,45): error TS2339: Property 'message' does not exist on type 'string'.
src/components/forms/InvoiceForm.tsx(1012,53): error TS2339: Property 'approval_status' does not exist on type 'string'.
src/components/forms/InvoiceForm.tsx(1304,31): error TS2552: Cannot find name 'setIdentifier'. Did you mean 'identifier'?
src/components/platformAdmin/GstVerificationQueue.tsx(58,15): error TS2352: Conversion of type 'SelectQueryError<"column 'gst_verification_status' does not exist on 'orgs'.">[]' to type 'OrgWithVerification[]' may be a mistake because neither type sufficiently overlaps with the other. If this was intentional, convert the expression to 'unknown' first.
  Type '{ error: true; } & String' is missing the following properties from type 'OrgWithVerification': gst_verification_status, gst_verification_source, gst_verified_at, gst_verified_by, and 18 more.
src/hooks/useCustomers.ts(9,8): error TS2459: Module '"../lib/api/customers"' declares 'CustomerWithMaster' locally, but it is not exported.
src/hooks/useCustomers.ts(136,20): error TS2339: Property 'previousCustomers' does not exist on type '{}'.
src/hooks/useCustomers.ts(137,64): error TS2339: Property 'previousCustomers' does not exist on type '{}'.
src/hooks/useCustomers.ts(139,20): error TS2339: Property 'previousCustomer' does not exist on type '{}'.
src/hooks/useCustomers.ts(140,68): error TS2339: Property 'previousCustomer' does not exist on type '{}'.
src/hooks/useInvoices.ts(35,38): error TS2345: Argument of type '{ status?: "draft" | "cancelled" | "posted" | undefined; limit?: number | undefined; offset?: number | undefined; } | undefined' is not assignable to parameter of type '{ status?: "draft" | "finalized" | "cancelled" | undefined; customer_id?: string | undefined; } | undefined'.
  Type '{ status?: "draft" | "cancelled" | "posted" | undefined; limit?: number | undefined; offset?: number | undefined; }' is not assignable to type '{ status?: "draft" | "finalized" | "cancelled" | undefined; customer_id?: string | undefined; }'.
    Types of property 'status' are incompatible.
      Type '"draft" | "cancelled" | "posted" | undefined' is not assignable to type '"draft" | "finalized" | "cancelled" | undefined'.
        Type '"posted"' is not assignable to type '"draft" | "finalized" | "cancelled" | undefined'.
src/hooks/useInvoices.ts(89,5): error TS2769: No overload matches this call.
  Overload 1 of 3, '(options: DefinedInitialDataOptions<{ invoice: { agent_user_id: string | null; branch_id: string | null; cgst_amount: number | null; created_at: string | null; customer_id: string | null; dc_id: string | null; ... 18 more ...; updated_at: string | null; }; items: any[]; customer: any; }, Error, { ...; }, readonly unknown[]>, queryClient?: QueryClient | undefined): DefinedUseQueryResult<...>', gave the following error.
    Type '() => Promise<{ customer_id: string; draft_session_id?: string; items: Array<{ product_id: string; quantity: number; unit_price: number; line_total: number; serials?: string[]; serial_tracked?: boolean; }>; } | null>' is not assignable to type 'QueryFunction<{ invoice: { agent_user_id: string | null; branch_id: string | null; cgst_amount: number | null; created_at: string | null; customer_id: string | null; dc_id: string | null; draft_data: Json; ... 17 more ...; updated_at: string | null; }; items: any[]; customer: any; }, readonly unknown[]>'.
      Type 'Promise<{ customer_id: string; draft_session_id?: string | undefined; items: { product_id: string; quantity: number; unit_price: number; line_total: number; serials?: string[] | undefined; serial_tracked?: boolean | undefined; }[]; } | null>' is not assignable to type '{ invoice: { agent_user_id: string | null; branch_id: string | null; cgst_amount: number | null; created_at: string | null; customer_id: string | null; dc_id: string | null; draft_data: Json; ... 17 more ...; updated_at: string | null; }; items: any[]; customer: any; } | Promise<...>'.
        Type 'Promise<{ customer_id: string; draft_session_id?: string | undefined; items: { product_id: string; quantity: number; unit_price: number; line_total: number; serials?: string[] | undefined; serial_tracked?: boolean | undefined; }[]; } | null>' is not assignable to type 'Promise<{ invoice: { agent_user_id: string | null; branch_id: string | null; cgst_amount: number | null; created_at: string | null; customer_id: string | null; dc_id: string | null; draft_data: Json; ... 17 more ...; updated_at: string | null; }; items: any[]; customer: any; }>'.
          Type '{ customer_id: string; draft_session_id?: string | undefined; items: { product_id: string; quantity: number; unit_price: number; line_total: number; serials?: string[] | undefined; serial_tracked?: boolean | undefined; }[]; } | null' is not assignable to type '{ invoice: { agent_user_id: string | null; branch_id: string | null; cgst_amount: number | null; created_at: string | null; customer_id: string | null; dc_id: string | null; draft_data: Json; ... 17 more ...; updated_at: string | null; }; items: any[]; customer: any; }'.
            Type 'null' is not assignable to type '{ invoice: { agent_user_id: string | null; branch_id: string | null; cgst_amount: number | null; created_at: string | null; customer_id: string | null; dc_id: string | null; draft_data: Json; ... 17 more ...; updated_at: string | null; }; items: any[]; customer: any; }'.
  Overload 2 of 3, '(options: UndefinedInitialDataOptions<{ invoice: { agent_user_id: string | null; branch_id: string | null; cgst_amount: number | null; created_at: string | null; customer_id: string | null; dc_id: string | null; ... 18 more ...; updated_at: string | null; }; items: any[]; customer: any; }, Error, { ...; }, readonly unknown[]>, queryClient?: QueryClient | undefined): UseQueryResult<...>', gave the following error.
    Type '() => Promise<{ customer_id: string; draft_session_id?: string; items: Array<{ product_id: string; quantity: number; unit_price: number; line_total: number; serials?: string[]; serial_tracked?: boolean; }>; } | null>' is not assignable to type 'unique symbol | QueryFunction<{ invoice: { agent_user_id: string | null; branch_id: string | null; cgst_amount: number | null; created_at: string | null; customer_id: string | null; dc_id: string | null; ... 18 more ...; updated_at: string | null; }; items: any[]; customer: any; }, readonly unknown[], never> | undef...'.
      Type '() => Promise<{ customer_id: string; draft_session_id?: string; items: Array<{ product_id: string; quantity: number; unit_price: number; line_total: number; serials?: string[]; serial_tracked?: boolean; }>; } | null>' is not assignable to type 'QueryFunction<{ invoice: { agent_user_id: string | null; branch_id: string | null; cgst_amount: number | null; created_at: string | null; customer_id: string | null; dc_id: string | null; draft_data: Json; ... 17 more ...; updated_at: string | null; }; items: any[]; customer: any; }, readonly unknown[], never>'.
        Type 'Promise<{ customer_id: string; draft_session_id?: string | undefined; items: { product_id: string; quantity: number; unit_price: number; line_total: number; serials?: string[] | undefined; serial_tracked?: boolean | undefined; }[]; } | null>' is not assignable to type '{ invoice: { agent_user_id: string | null; branch_id: string | null; cgst_amount: number | null; created_at: string | null; customer_id: string | null; dc_id: string | null; draft_data: Json; ... 17 more ...; updated_at: string | null; }; items: any[]; customer: any; } | Promise<...>'.
          Type 'Promise<{ customer_id: string; draft_session_id?: string | undefined; items: { product_id: string; quantity: number; unit_price: number; line_total: number; serials?: string[] | undefined; serial_tracked?: boolean | undefined; }[]; } | null>' is not assignable to type 'Promise<{ invoice: { agent_user_id: string | null; branch_id: string | null; cgst_amount: number | null; created_at: string | null; customer_id: string | null; dc_id: string | null; draft_data: Json; ... 17 more ...; updated_at: string | null; }; items: any[]; customer: any; }>'.
            Type '{ customer_id: string; draft_session_id?: string | undefined; items: { product_id: string; quantity: number; unit_price: number; line_total: number; serials?: string[] | undefined; serial_tracked?: boolean | undefined; }[]; } | null' is not assignable to type '{ invoice: { agent_user_id: string | null; branch_id: string | null; cgst_amount: number | null; created_at: string | null; customer_id: string | null; dc_id: string | null; draft_data: Json; ... 17 more ...; updated_at: string | null; }; items: any[]; customer: any; }'.
              Type 'null' is not assignable to type '{ invoice: { agent_user_id: string | null; branch_id: string | null; cgst_amount: number | null; created_at: string | null; customer_id: string | null; dc_id: string | null; draft_data: Json; ... 17 more ...; updated_at: string | null; }; items: any[]; customer: any; }'.
  Overload 3 of 3, '(options: UseQueryOptions<{ invoice: { agent_user_id: string | null; branch_id: string | null; cgst_amount: number | null; created_at: string | null; customer_id: string | null; dc_id: string | null; ... 18 more ...; updated_at: string | null; }; items: any[]; customer: any; }, Error, { ...; }, readonly unknown[]>, queryClient?: QueryClient | undefined): UseQueryResult<...>', gave the following error.
    Type '() => Promise<{ customer_id: string; draft_session_id?: string; items: Array<{ product_id: string; quantity: number; unit_price: number; line_total: number; serials?: string[]; serial_tracked?: boolean; }>; } | null>' is not assignable to type 'unique symbol | QueryFunction<{ invoice: { agent_user_id: string | null; branch_id: string | null; cgst_amount: number | null; created_at: string | null; customer_id: string | null; dc_id: string | null; ... 18 more ...; updated_at: string | null; }; items: any[]; customer: any; }, readonly unknown[], never> | undef...'.
      Type '() => Promise<{ customer_id: string; draft_session_id?: string; items: Array<{ product_id: string; quantity: number; unit_price: number; line_total: number; serials?: string[]; serial_tracked?: boolean; }>; } | null>' is not assignable to type 'QueryFunction<{ invoice: { agent_user_id: string | null; branch_id: string | null; cgst_amount: number | null; created_at: string | null; customer_id: string | null; dc_id: string | null; draft_data: Json; ... 17 more ...; updated_at: string | null; }; items: any[]; customer: any; }, readonly unknown[], never>'.
        Type 'Promise<{ customer_id: string; draft_session_id?: string | undefined; items: { product_id: string; quantity: number; unit_price: number; line_total: number; serials?: string[] | undefined; serial_tracked?: boolean | undefined; }[]; } | null>' is not assignable to type '{ invoice: { agent_user_id: string | null; branch_id: string | null; cgst_amount: number | null; created_at: string | null; customer_id: string | null; dc_id: string | null; draft_data: Json; ... 17 more ...; updated_at: string | null; }; items: any[]; customer: any; } | Promise<...>'.
          Type 'Promise<{ customer_id: string; draft_session_id?: string | undefined; items: { product_id: string; quantity: number; unit_price: number; line_total: number; serials?: string[] | undefined; serial_tracked?: boolean | undefined; }[]; } | null>' is not assignable to type 'Promise<{ invoice: { agent_user_id: string | null; branch_id: string | null; cgst_amount: number | null; created_at: string | null; customer_id: string | null; dc_id: string | null; draft_data: Json; ... 17 more ...; updated_at: string | null; }; items: any[]; customer: any; }>'.
            Type '{ customer_id: string; draft_session_id?: string | undefined; items: { product_id: string; quantity: number; unit_price: number; line_total: number; serials?: string[] | undefined; serial_tracked?: boolean | undefined; }[]; } | null' is not assignable to type '{ invoice: { agent_user_id: string | null; branch_id: string | null; cgst_amount: number | null; created_at: string | null; customer_id: string | null; dc_id: string | null; draft_data: Json; ... 17 more ...; updated_at: string | null; }; items: any[]; customer: any; }'.
              Type 'null' is not assignable to type '{ invoice: { agent_user_id: string | null; branch_id: string | null; cgst_amount: number | null; created_at: string | null; customer_id: string | null; dc_id: string | null; draft_data: Json; ... 17 more ...; updated_at: string | null; }; items: any[]; customer: any; }'.
src/hooks/useInvoices.ts(140,17): error TS6133: 'data' is declared but its value is never read.
src/hooks/useInvoices.ts(161,5): error TS2322: Type '(invoiceId: string) => Promise<{ success: boolean; invoice_id: string; status: string; stock_entries_created?: number; }>' is not assignable to type 'MutationFunction<{ agent_user_id: string | null; branch_id: string | null; cgst_amount: number | null; created_at: string | null; customer_id: string | null; dc_id: string | null; draft_data: Json; ... 17 more ...; updated_at: string | null; }, string>'.
  Type 'Promise<{ success: boolean; invoice_id: string; status: string; stock_entries_created?: number | undefined; }>' is not assignable to type 'Promise<{ agent_user_id: string | null; branch_id: string | null; cgst_amount: number | null; created_at: string | null; customer_id: string | null; dc_id: string | null; draft_data: Json; ... 17 more ...; updated_at: string | null; }>'.
    Type '{ success: boolean; invoice_id: string; status: string; stock_entries_created?: number | undefined; }' is missing the following properties from type '{ agent_user_id: string | null; branch_id: string | null; cgst_amount: number | null; created_at: string | null; customer_id: string | null; dc_id: string | null; draft_data: Json; ... 17 more ...; updated_at: string | null; }': agent_user_id, branch_id, cgst_amount, created_at, and 20 more.
src/hooks/useInvoices.ts(163,14): error TS2554: Expected 3 arguments, but got 2.
src/hooks/useInvoices.ts(165,17): error TS6133: 'data' is declared but its value is never read.
src/hooks/useInvoices.ts(188,17): error TS6133: 'data' is declared but its value is never read.
src/hooks/useInvoices.ts(209,5): error TS2322: Type '({ items, orgId }: { items: any[]; orgId: string; }) => Promise<{ valid: boolean; errors: { item_index: number; type: string; message: string; product_id?: string | undefined; serial?: string | undefined; available_stock?: number | undefined; requested_quantity?: number | undefined; master_product_id?: string | unde...' is not assignable to type 'MutationFunction<{ valid: boolean; errors: string[]; }, { items: any[]; orgId: string; }>'.
  Type 'Promise<{ valid: boolean; errors: { item_index: number; type: string; message: string; product_id?: string | undefined; serial?: string | undefined; available_stock?: number | undefined; requested_quantity?: number | undefined; master_product_id?: string | undefined; approval_status?: string | undefined; hsn_code?: ...' is not assignable to type 'Promise<{ valid: boolean; errors: string[]; }>'.
    Type '{ valid: boolean; errors: { item_index: number; type: string; message: string; product_id?: string | undefined; serial?: string | undefined; available_stock?: number | undefined; requested_quantity?: number | undefined; master_product_id?: string | undefined; approval_status?: string | undefined; hsn_code?: string |...' is not assignable to type '{ valid: boolean; errors: string[]; }'.
      Types of property 'errors' are incompatible.
        Type '{ item_index: number; type: string; message: string; product_id?: string | undefined; serial?: string | undefined; available_stock?: number | undefined; requested_quantity?: number | undefined; master_product_id?: string | undefined; approval_status?: string | undefined; hsn_code?: string | undefined; }[]' is not assignable to type 'string[]'.
          Type '{ item_index: number; type: string; message: string; product_id?: string | undefined; serial?: string | undefined; available_stock?: number | undefined; requested_quantity?: number | undefined; master_product_id?: string | undefined; approval_status?: string | undefined; hsn_code?: string | undefined; }' is not assignable to type 'string'.
src/hooks/useInvoices.ts(209,60): error TS2345: Argument of type 'any[]' is not assignable to parameter of type 'string'.
src/hooks/useInvoices.ts(228,5): error TS2322: Type '({ invoiceId, org, customer }: { invoiceId: string; org: { address: string | null; created_at: string; custom_logo_url: string | null; gst_enabled: boolean; gst_number: string | null; id: string; inventory_policy: string; ... 10 more ...; updated_at: string; }; customer: CustomerWithMaster; }) => Promise<...>' is not assignable to type 'MutationFunction<{ agent_user_id: string | null; branch_id: string | null; cgst_amount: number | null; created_at: string | null; customer_id: string | null; dc_id: string | null; draft_data: Json; ... 17 more ...; updated_at: string | null; }, { ...; }>'.
  Type 'Promise<{ valid: boolean; errors: any[]; updated: boolean; }>' is not assignable to type 'Promise<{ agent_user_id: string | null; branch_id: string | null; cgst_amount: number | null; created_at: string | null; customer_id: string | null; dc_id: string | null; draft_data: Json; ... 17 more ...; updated_at: string | null; }>'.
    Type '{ valid: boolean; errors: any[]; updated: boolean; }' is missing the following properties from type '{ agent_user_id: string | null; branch_id: string | null; cgst_amount: number | null; created_at: string | null; customer_id: string | null; dc_id: string | null; draft_data: Json; ... 17 more ...; updated_at: string | null; }': agent_user_id, branch_id, cgst_amount, created_at, and 21 more.
src/hooks/useInvoices.ts(230,53): error TS2554: Expected 2 arguments, but got 3.
src/hooks/useInvoices.ts(232,17): error TS6133: 'data' is declared but its value is never read.
src/hooks/useInvoices.ts(261,5): error TS2322: Type '({ draftId, data, org, customer }: { draftId: string | null; data: InvoiceFormData; org: { address: string | null; created_at: string; custom_logo_url: string | null; gst_enabled: boolean; gst_number: string | null; ... 12 more ...; updated_at: string; }; customer: CustomerWithMaster; }) => Promise<...>' is not assignable to type 'MutationFunction<{ agent_user_id: string | null; branch_id: string | null; cgst_amount: number | null; created_at: string | null; customer_id: string | null; dc_id: string | null; draft_data: Json; ... 17 more ...; updated_at: string | null; }, { ...; }>'.
  Type 'Promise<{ invoiceId: string; sessionId: string; }>' is not assignable to type 'Promise<{ agent_user_id: string | null; branch_id: string | null; cgst_amount: number | null; created_at: string | null; customer_id: string | null; dc_id: string | null; draft_data: Json; ... 17 more ...; updated_at: string | null; }>'.
    Type '{ invoiceId: string; sessionId: string; }' is missing the following properties from type '{ agent_user_id: string | null; branch_id: string | null; cgst_amount: number | null; created_at: string | null; customer_id: string | null; dc_id: string | null; draft_data: Json; ... 17 more ...; updated_at: string | null; }': agent_user_id, branch_id, cgst_amount, created_at, and 21 more.
src/hooks/useInvoices.ts(264,65): error TS2554: Expected 4 arguments, but got 6.
src/hooks/useInvoices.ts(266,17): error TS6133: 'data' is declared but its value is never read.
src/hooks/useInvoices.ts(306,20): error TS2339: Property 'previousInvoices' does not exist on type '{}'.
src/hooks/useInvoices.ts(307,63): error TS2339: Property 'previousInvoices' does not exist on type '{}'.
src/hooks/useInvoices.ts(325,60): error TS2345: Argument of type 'string[]' is not assignable to parameter of type 'string'.
src/hooks/useNotifications.ts(87,20): error TS2339: Property 'previousNotifications' does not exist on type '{}'.
src/hooks/useNotifications.ts(88,69): error TS2339: Property 'previousNotifications' does not exist on type '{}'.
src/hooks/useNotifications.ts(90,20): error TS2339: Property 'previousUnreadCount' does not exist on type '{}'.
src/hooks/useNotifications.ts(91,85): error TS2339: Property 'previousUnreadCount' does not exist on type '{}'.
src/hooks/useNotifications.ts(139,20): error TS2339: Property 'previousNotifications' does not exist on type '{}'.
src/hooks/useNotifications.ts(140,69): error TS2339: Property 'previousNotifications' does not exist on type '{}'.
src/hooks/useNotifications.ts(142,20): error TS2339: Property 'previousUnreadCount' does not exist on type '{}'.
src/hooks/useNotifications.ts(143,85): error TS2339: Property 'previousUnreadCount' does not exist on type '{}'.
src/hooks/useNotifications.ts(194,20): error TS2339: Property 'previousNotifications' does not exist on type '{}'.
src/hooks/useNotifications.ts(195,69): error TS2339: Property 'previousNotifications' does not exist on type '{}'.
src/hooks/useNotifications.ts(197,20): error TS2339: Property 'previousUnreadCount' does not exist on type '{}'.
src/hooks/useNotifications.ts(198,85): error TS2339: Property 'previousUnreadCount' does not exist on type '{}'.
src/hooks/useOrgs.ts(75,20): error TS2339: Property 'previousOrg' does not exist on type '{}'.
src/hooks/useOrgs.ts(76,58): error TS2339: Property 'previousOrg' does not exist on type '{}'.
src/hooks/useOrgSettings.ts(42,14): error TS2352: Conversion of type 'SelectQueryError<"column 'gst_verification_status' does not exist on 'orgs'.">' to type 'OrgSettings' may be a mistake because neither type sufficiently overlaps with the other. If this was intentional, convert the expression to 'unknown' first.
  Type '{ error: true; } & String' is missing the following properties from type 'OrgSettings': id, name, legal_name, custom_logo_url, and 4 more.
src/hooks/useOrgSettings.ts(74,14): error TS2352: Conversion of type 'SelectQueryError<"column 'gst_verification_status' does not exist on 'orgs'.">' to type 'OrgSettings' may be a mistake because neither type sufficiently overlaps with the other. If this was intentional, convert the expression to 'unknown' first.
  Type '{ error: true; } & String' is missing the following properties from type 'OrgSettings': id, name, legal_name, custom_logo_url, and 4 more.
src/lib/api/orgs.ts(199,5): error TS2322: Type 'string | null' is not assignable to type 'string | undefined'.
  Type 'null' is not assignable to type 'string | undefined'.
src/lib/api/orgs.ts(200,5): error TS2322: Type 'string | null' is not assignable to type 'string | undefined'.
  Type 'null' is not assignable to type 'string | undefined'.
src/lib/api/purchaseBills.ts(176,3): error TS2741: Property 'vendor_state_code' is missing in type '{ items: { cost_provisional: boolean; created_at: string; description: string | null; hsn_match_status: string | null; hsn_mismatch: boolean; id: string; master_product_id: string | null; ... 9 more ...; vendor_hsn_code: string | null; }[]; ... 19 more ...; vendor_name: string | null; }' but required in type 'PurchaseBillWithItems'.
src/lib/api/purchaseBills.ts(375,10): error TS2352: Conversion of type '{ approved_at: string | null; approved_by: string | null; bill_date: string; bill_number: string; branch_id: string | null; created_at: string; created_by: string | null; flagged_at: string | null; ... 12 more ...; items: { ...; }[]; }' to type 'PurchaseBillWithItems' may be a mistake because neither type sufficiently overlaps with the other. If this was intentional, convert the expression to 'unknown' first.
  Property 'vendor_state_code' is missing in type '{ approved_at: string | null; approved_by: string | null; bill_date: string; bill_number: string; branch_id: string | null; created_at: string; created_by: string | null; flagged_at: string | null; ... 12 more ...; items: { ...; }[]; }' but required in type 'PurchaseBillWithItems'.
src/lib/utils/orgGst.ts(28,26): error TS2339: Property 'gst_verification_status' does not exist on type '{ address: string | null; created_at: string; custom_logo_url: string | null; gst_enabled: boolean; gst_number: string | null; id: string; inventory_policy: string; legal_name: string | null; ... 9 more ...; updated_at: string; }'.
src/lib/utils/orgGst.ts(39,13): error TS2339: Property 'gst_verification_status' does not exist on type '{ address: string | null; created_at: string; custom_logo_url: string | null; gst_enabled: boolean; gst_number: string | null; id: string; inventory_policy: string; legal_name: string | null; ... 9 more ...; updated_at: string; }'.
src/lib/utils/orgGst.ts(40,14): error TS2339: Property 'gst_verification_status' does not exist on type '{ address: string | null; created_at: string; custom_logo_url: string | null; gst_enabled: boolean; gst_number: string | null; id: string; inventory_policy: string; legal_name: string | null; ... 9 more ...; updated_at: string; }'.
src/pages/CustomersPage.tsx(26,34): error TS2322: Type 'Promise<QueryObserverResult<CustomerWithMaster[], Error>>' is not assignable to type 'Promise<void>'.
  Type 'QueryObserverResult<CustomerWithMaster[], Error>' is not assignable to type 'void'.
    Type 'QueryObserverRefetchErrorResult<CustomerWithMaster[], Error>' is not assignable to type 'void'.
src/pages/CustomersPage.tsx(201,11): error TS2322: Type '(data: any) => void' is not assignable to type '(data: CustomerFormData) => Promise<void>'.
  Type 'void' is not assignable to type 'Promise<void>'.
src/pages/NewInvoicePage.tsx(133,25): error TS2322: Type '{ isOpen: true; onClose: () => void; onSubmit: (_invoiceId: string) => Promise<void>; orgId: string; userId: string; org: { address: string | null; created_at: string; custom_logo_url: string | null; ... 14 more ...; updated_at: string; }; mode: string; onFormChange: (hasChanges: boolean) => void; }' is not assignable to type 'IntrinsicAttributes & InvoiceFormProps'.
  Property 'mode' does not exist on type 'IntrinsicAttributes & InvoiceFormProps'.
src/pages/NotificationsPage.tsx(41,34): error TS2322: Type 'Promise<QueryObserverResult<Notification[], Error>>' is not assignable to type 'Promise<void>'.
  Type 'QueryObserverResult<Notification[], Error>' is not assignable to type 'void'.
    Type 'QueryObserverRefetchErrorResult<Notification[], Error>' is not assignable to type 'void'.
